Copyright 1986-2022 Xilinx, Inc. All Rights Reserved. Copyright 2022-2024 Advanced Micro Devices, Inc. All Rights Reserved.
-------------------------------------------------------------------------------------------------------------------------------------------------
| Tool Version     : Vivado v.2024.1 (lin64) Build 5076996 Wed May 22 18:36:09 MDT 2024
| Date             : Wed Oct  7 10:02:08 2026
| Host             : LAPTOP-CSM08B9Q running 64-bit Ubuntu 26.04 LTS
| Command          : report_power -file digilent_nexys4ddr_power.rpt
| Design           : digilent_nexys4ddr
| Device           : xc7a100tcsg324-1
| Design State     : routed
| Grade            : commercial
| Process          : typical
| Characterization : Production
-------------------------------------------------------------------------------------------------------------------------------------------------

Power Report

Table of Contents
-----------------
1. Summary
1.1 On-Chip Components
1.2 Power Supply Summary
1.3 Confidence Level
2. Settings
2.1 Environment
2.2 Clock Constraints
3. Detailed Reports
3.1 By Hierarchy

1. Summary
----------

+--------------------------+--------------+
| Total On-Chip Power (W)  | 0.734        |
| Design Power Budget (W)  | Unspecified* |
| Power Budget Margin (W)  | NA           |
| Dynamic (W)              | 0.626        |
| Device Static (W)        | 0.108        |
| Effective TJA (C/W)      | 4.6          |
| Max Ambient (C)          | 81.6         |
| Junction Temperature (C) | 28.4         |
| Confidence Level         | Low          |
| Setting File             | ---          |
| Simulation Activity File | ---          |
| Design Nets Matched      | NA           |
+--------------------------+--------------+
* Specify Design Power Budget using, set_operating_conditions -design_power_budget <value in Watts>


1.1 On-Chip Components
----------------------

+--------------------------+-----------+----------+-----------+-----------------+
| On-Chip                  | Power (W) | Used     | Available | Utilization (%) |
+--------------------------+-----------+----------+-----------+-----------------+
| Clocks                   |     0.022 |        8 |       --- |             --- |
| Slice Logic              |     0.023 |    12560 |       --- |             --- |
|   LUT as Logic           |     0.020 |     6040 |     63400 |            9.53 |
|   CARRY4                 |     0.001 |      393 |     15850 |            2.48 |
|   Register               |    <0.001 |     4504 |    126800 |            3.55 |
|   LUT as Distributed RAM |    <0.001 |      144 |     19000 |            0.76 |
|   F7/F8 Muxes            |    <0.001 |      127 |     63400 |            0.20 |
|   LUT as Shift Register  |    <0.001 |        3 |     19000 |            0.02 |
|   Others                 |     0.000 |       96 |       --- |             --- |
| Signals                  |     0.030 |    11357 |       --- |             --- |
| Block RAM                |     0.052 |     31.5 |       135 |           23.33 |
| MMCM                     |     0.118 |        1 |         6 |           16.67 |
| DSPs                     |     0.006 |        8 |       240 |            3.33 |
| I/O                      |     0.374 |       66 |       210 |           31.43 |
| Static Power             |     0.108 |          |           |                 |
| Total                    |     0.734 |          |           |                 |
+--------------------------+-----------+----------+-----------+-----------------+


1.2 Power Supply Summary
------------------------

+-----------+-------------+-----------+-------------+------------+-------------+-------------+------------+
| Source    | Voltage (V) | Total (A) | Dynamic (A) | Static (A) | Powerup (A) | Budget (A)  | Margin (A) |
+-----------+-------------+-----------+-------------+------------+-------------+-------------+------------+
| Vccint    |       1.000 |     0.153 |       0.135 |      0.018 |       NA    | Unspecified | NA         |
| Vccaux    |       1.800 |     0.118 |       0.100 |      0.018 |       NA    | Unspecified | NA         |
| Vcco33    |       3.300 |     0.004 |       0.000 |      0.004 |       NA    | Unspecified | NA         |
| Vcco25    |       2.500 |     0.000 |       0.000 |      0.000 |       NA    | Unspecified | NA         |
| Vcco18    |       1.800 |     0.175 |       0.171 |      0.004 |       NA    | Unspecified | NA         |
| Vcco15    |       1.500 |     0.000 |       0.000 |      0.000 |       NA    | Unspecified | NA         |
| Vcco135   |       1.350 |     0.000 |       0.000 |      0.000 |       NA    | Unspecified | NA         |
| Vcco12    |       1.200 |     0.000 |       0.000 |      0.000 |       NA    | Unspecified | NA         |
| Vccaux_io |       1.800 |     0.000 |       0.000 |      0.000 |       NA    | Unspecified | NA         |
| Vccbram   |       1.000 |     0.004 |       0.003 |      0.001 |       NA    | Unspecified | NA         |
| MGTAVcc   |       1.000 |     0.000 |       0.000 |      0.000 |       NA    | Unspecified | NA         |
| MGTAVtt   |       1.200 |     0.000 |       0.000 |      0.000 |       NA    | Unspecified | NA         |
| Vccadc    |       1.800 |     0.020 |       0.000 |      0.020 |       NA    | Unspecified | NA         |
+-----------+-------------+-----------+-------------+------------+-------------+-------------+------------+


1.3 Confidence Level
--------------------

+-----------------------------+------------+--------------------------------------------------------+------------------------------------------------------------------------------------------------------------+
| User Input Data             | Confidence | Details                                                | Action                                                                                                     |
+-----------------------------+------------+--------------------------------------------------------+------------------------------------------------------------------------------------------------------------+
| Design implementation state | High       | Design is routed                                       |                                                                                                            |
| Clock nodes activity        | High       | User specified more than 95% of clocks                 |                                                                                                            |
| I/O nodes activity          | Low        | More than 75% of inputs are missing user specification | Provide missing input activity with simulation results or by editing the "By Resource Type -> I/Os" view   |
| Internal nodes activity     | Medium     | User specified less than 25% of internal nodes         | Provide missing internal nodes activity with simulation results or by editing the "By Resource Type" views |
| Device models               | High       | Device models are Production                           |                                                                                                            |
|                             |            |                                                        |                                                                                                            |
| Overall confidence level    | Low        |                                                        |                                                                                                            |
+-----------------------------+------------+--------------------------------------------------------+------------------------------------------------------------------------------------------------------------+


2. Settings
-----------

2.1 Environment
---------------

+-----------------------+--------------------------+
| Ambient Temp (C)      | 25.0                     |
| ThetaJA (C/W)         | 4.6                      |
| Airflow (LFM)         | 250                      |
| Heat Sink             | medium (Medium Profile)  |
| ThetaSA (C/W)         | 4.6                      |
| Board Selection       | medium (10"x10")         |
| # of Board Layers     | 12to15 (12 to 15 Layers) |
| Board Temperature (C) | 25.0                     |
+-----------------------+--------------------------+


2.2 Clock Constraints
---------------------

+-----------------------------+-----------------------------+-----------------+
| Clock                       | Domain                      | Constraint (ns) |
+-----------------------------+-----------------------------+-----------------+
| clk100                      | clk100                      |            10.0 |
| soc_builder_basesoc_mmcm_fb | soc_builder_basesoc_mmcm_fb |            10.0 |
| soc_crg_clkout0             | soc_crg_clkout0             |            13.3 |
| soc_crg_clkout1             | soc_crg_clkout1             |             6.7 |
| soc_crg_clkout2             | soc_crg_clkout2             |             6.7 |
| soc_crg_clkout3             | soc_crg_clkout3             |             5.0 |
+-----------------------------+-----------------------------+-----------------+


3. Detailed Reports
-------------------

3.1 By Hierarchy
----------------

+----------------------------------+-----------+
| Name                             | Power (W) |
+----------------------------------+-----------+
| digilent_nexys4ddr               |     0.626 |
|   Cfu                            |     0.044 |
|     fn0                          |     0.044 |
|       acc                        |     0.003 |
|       fvf                        |     0.001 |
|       ins                        |     0.010 |
|       madd                       |     0.007 |
|       pp                         |     0.009 |
|       store_filter_values_dp_0   |     0.001 |
|       store_filter_values_dp_1   |     0.001 |
|       store_filter_values_dp_2   |     0.002 |
|       store_filter_values_dp_3   |     0.001 |
|       store_output_bias_dp       |     0.001 |
|       store_output_multiplier_dp |     0.002 |
|       store_output_shift_dp      |     0.002 |
|   IOBUF                          |     0.008 |
|   IOBUFDS                        |     0.006 |
|     OBUFTDS                      |     0.006 |
|   IOBUFDS_1                      |     0.006 |
|     OBUFTDS                      |     0.006 |
|   IOBUF_1                        |     0.008 |
|   IOBUF_10                       |     0.007 |
|   IOBUF_11                       |     0.007 |
|   IOBUF_12                       |     0.008 |
|   IOBUF_13                       |     0.008 |
|   IOBUF_14                       |     0.007 |
|   IOBUF_15                       |     0.007 |
|   IOBUF_2                        |     0.007 |
|   IOBUF_3                        |     0.008 |
|   IOBUF_4                        |     0.007 |
|   IOBUF_5                        |     0.008 |
|   IOBUF_6                        |     0.007 |
|   IOBUF_7                        |     0.007 |
|   IOBUF_8                        |     0.007 |
|   IOBUF_9                        |     0.008 |
|   OBUFDS                         |     0.008 |
|   VexRiscv                       |     0.039 |
|     IBusCachedPlugin_cache       |     0.008 |
|     dataCache_1                  |     0.004 |
+----------------------------------+-----------+


